{
    "id": "04a51abf-e508-4108-8964-ee2adefc235b",
    "ssn": "865-50-6891",
    "name": "Marcos Aur√©lio",
    "phone": "5517982111234",
    "country": "Brazil",
    "company": "Linx",
    "active": true
}