{
    "status": 409,
    "message": "Costumer already exists"
}