{
    "status": 200,
    "message": "Costumer successfully saved"
}